Java HotSpot(TM) 64-Bit Server VM (25.241-b07) for bsd-amd64 JRE (1.8.0_241-b07), built on Dec 11 2019 02:29:59 by "java_re" with gcc 4.2.1 (Based on Apple Inc. build 5658) (LLVM build 2336.11.00)
Memory: 4k page, physical 16777216k(1588300k free)

/proc/meminfo:

CommandLine flags: -XX:InitialHeapSize=209715200 -XX:MaxHeapSize=209715200 -XX:MaxNewSize=104857600 -XX:MaxTenuringThreshold=15 -XX:NewSize=104857600 -XX:OldPLABSize=16 -XX:PretenureSizeThreshold=20971520 -XX:+PrintGC -XX:+PrintGCDetails -XX:+PrintGCTimeStamps -XX:SurvivorRatio=8 -XX:+UseCompressedClassPointers -XX:+UseCompressedOops -XX:+UseConcMarkSweepGC -XX:+UseParNewGC 
30.164: [GC (Allocation Failure) 30.164: [ParNew: 79872K->815K(92160K), 0.0172820 secs] 79872K->31537K(194560K), 0.0173842 secs] [Times: user=0.06 sys=0.00, real=0.01 secs] 
31.195: [GC (Allocation Failure) 31.195: [ParNew: 74049K->1154K(92160K), 0.0127667 secs] 104771K->52358K(194560K), 0.0128815 secs] [Times: user=0.04 sys=0.00, real=0.01 secs] 
31.209: [GC (CMS Initial Mark) [1 CMS-initial-mark: 51204K(102400K)] 62598K(194560K), 0.0002906 secs] [Times: user=0.00 sys=0.00, real=0.00 secs] 
31.209: [CMS-concurrent-mark-start]
31.210: [CMS-concurrent-mark: 0.001/0.001 secs] [Times: user=0.00 sys=0.00, real=0.00 secs] 
31.210: [CMS-concurrent-preclean-start]
31.210: [CMS-concurrent-preclean: 0.000/0.000 secs] [Times: user=0.00 sys=0.00, real=0.00 secs] 
31.210: [CMS-concurrent-abortable-preclean-start]
32.216: [GC (Allocation Failure) 32.216: [ParNew: 75974K->1098K(92160K), 0.0075963 secs] 127178K->62542K(194560K), 0.0077494 secs] [Times: user=0.03 sys=0.01, real=0.01 secs] 
33.236: [GC (Allocation Failure) 33.236: [ParNew: 74304K->1125K(92160K), 0.0010531 secs] 135748K->62569K(194560K), 0.0011403 secs] [Times: user=0.00 sys=0.00, real=0.00 secs] 
33.344: [CMS-concurrent-abortable-preclean: 0.152/2.133 secs] [Times: user=0.20 sys=0.01, real=2.14 secs] 
33.344: [GC (CMS Final Remark) [YG occupancy: 43638 K (92160 K)]33.344: [Rescan (parallel) , 0.0005570 secs]33.345: [weak refs processing, 0.0000173 secs]33.345: [class unloading, 0.0003581 secs]33.345: [scrub symbol table, 0.0005052 secs]33.345: [scrub string table, 0.0002923 secs][1 CMS-remark: 61444K(102400K)] 105083K(194560K), 0.0018933 secs] [Times: user=0.01 sys=0.00, real=0.00 secs] 
33.346: [CMS-concurrent-sweep-start]
33.346: [CMS-concurrent-sweep: 0.000/0.000 secs] [Times: user=0.00 sys=0.00, real=0.00 secs] 
33.346: [CMS-concurrent-reset-start]
33.346: [CMS-concurrent-reset: 0.000/0.000 secs] [Times: user=0.00 sys=0.00, real=0.00 secs] 
34.248: [GC (Allocation Failure) 34.248: [ParNew: 74358K->1132K(92160K), 0.0020764 secs] 105083K->42098K(194560K), 0.0021902 secs] [Times: user=0.01 sys=0.00, real=0.00 secs] 
35.263: [GC (Allocation Failure) 35.263: [ParNew: 74383K->1134K(92160K), 0.0021073 secs] 115349K->52340K(194560K), 0.0022130 secs] [Times: user=0.01 sys=0.00, real=0.00 secs] 
36.273: [GC (Allocation Failure) 36.273: [ParNew: 74396K->1134K(92160K), 0.0083201 secs] 125602K->62580K(194560K), 0.0084282 secs] [Times: user=0.03 sys=0.00, real=0.00 secs] 
36.282: [GC (CMS Initial Mark) [1 CMS-initial-mark: 61446K(102400K)] 72820K(194560K), 0.0002979 secs] [Times: user=0.00 sys=0.00, real=0.00 secs] 
36.283: [CMS-concurrent-mark-start]
36.283: [CMS-concurrent-mark: 0.000/0.000 secs] [Times: user=0.00 sys=0.00, real=0.00 secs] 
36.283: [CMS-concurrent-preclean-start]
36.284: [CMS-concurrent-preclean: 0.000/0.000 secs] [Times: user=0.00 sys=0.00, real=0.00 secs] 
36.284: [CMS-concurrent-abortable-preclean-start]
37.292: [GC (Allocation Failure) 37.292: [ParNew: 74404K->945K(92160K), 0.0014496 secs] 135850K->62391K(194560K), 0.0015817 secs] [Times: user=0.00 sys=0.00, real=0.01 secs] 
37.300: [GC (Allocation Failure) 37.300: [ParNew (promotion failed): 74219K->74409K(92160K), 0.0126706 secs]37.313: [CMS37.414: [CMS-concurrent-abortable-preclean: 0.081/1.130 secs] [Times: user=0.14 sys=0.01, real=1.13 secs] 
 (concurrent mode failure): 81926K->31480K(102400K), 0.1091800 secs] 135666K->31480K(194560K), [Metaspace: 3591K->3591K(1056768K)], 0.1219814 secs] [Times: user=0.05 sys=0.00, real=0.12 secs] 
38.435: [GC (Allocation Failure) 38.435: [ParNew: 73277K->0K(92160K), 0.0033203 secs] 104757K->51962K(194560K), 0.0033999 secs] [Times: user=0.01 sys=0.00, real=0.00 secs] 
38.439: [GC (CMS Initial Mark) [1 CMS-initial-mark: 51962K(102400K)] 62202K(194560K), 0.0001431 secs] [Times: user=0.00 sys=0.00, real=0.00 secs] 
38.439: [CMS-concurrent-mark-start]
38.441: [CMS-concurrent-mark: 0.001/0.001 secs] [Times: user=0.00 sys=0.00, real=0.00 secs] 
38.441: [CMS-concurrent-preclean-start]
38.441: [CMS-concurrent-preclean: 0.000/0.000 secs] [Times: user=0.00 sys=0.00, real=0.00 secs] 
38.441: [CMS-concurrent-abortable-preclean-start]
39.448: [GC (Allocation Failure) 39.449: [ParNew: 73279K->0K(92160K), 0.0024847 secs] 125241K->62204K(194560K), 0.0025824 secs] [Times: user=0.01 sys=0.00, real=0.00 secs] 
40.461: [GC (Allocation Failure) 40.461: [ParNew: 73280K->0K(92160K), 0.0004862 secs] 135484K->62204K(194560K), 0.0005670 secs] [Times: user=0.00 sys=0.00, real=0.00 secs] 
40.667: [CMS-concurrent-abortable-preclean: 0.006/2.226 secs] [Times: user=0.04 sys=0.00, real=2.23 secs] 
40.667: [GC (CMS Final Remark) [YG occupancy: 42561 K (92160 K)]40.667: [Rescan (parallel) , 0.0004683 secs]40.668: [weak refs processing, 0.0000203 secs]40.668: [class unloading, 0.0003420 secs]40.668: [scrub symbol table, 0.0004877 secs]40.668: [scrub string table, 0.0004170 secs][1 CMS-remark: 62204K(102400K)] 104765K(194560K), 0.0019282 secs] [Times: user=0.00 sys=0.01, real=0.00 secs] 
40.669: [CMS-concurrent-sweep-start]
40.669: [CMS-concurrent-sweep: 0.000/0.000 secs] [Times: user=0.00 sys=0.00, real=0.00 secs] 
40.670: [CMS-concurrent-reset-start]
40.670: [CMS-concurrent-reset: 0.000/0.000 secs] [Times: user=0.00 sys=0.00, real=0.00 secs] 
41.473: [GC (Allocation Failure) 41.473: [ParNew: 73281K->0K(92160K), 0.0015263 secs] 104765K->41724K(194560K), 0.0016643 secs] [Times: user=0.00 sys=0.00, real=0.00 secs] 
42.483: [GC (Allocation Failure) 42.483: [ParNew: 73281K->0K(92160K), 0.0023168 secs] 115006K->51964K(194560K), 0.0024536 secs] [Times: user=0.00 sys=0.00, real=0.00 secs] 
43.498: [GC (Allocation Failure) 43.498: [ParNew: 73282K->0K(92160K), 0.0015917 secs] 125246K->62204K(194560K), 0.0016940 secs] [Times: user=0.01 sys=0.00, real=0.00 secs] 
43.500: [GC (CMS Initial Mark) [1 CMS-initial-mark: 62204K(102400K)] 72444K(194560K), 0.0002014 secs] [Times: user=0.00 sys=0.00, real=0.00 secs] 
43.501: [CMS-concurrent-mark-start]
43.503: [CMS-concurrent-mark: 0.002/0.002 secs] [Times: user=0.00 sys=0.00, real=0.01 secs] 
43.503: [CMS-concurrent-preclean-start]
43.503: [CMS-concurrent-preclean: 0.000/0.000 secs] [Times: user=0.00 sys=0.00, real=0.00 secs] 
43.503: [CMS-concurrent-abortable-preclean-start]
44.510: [GC (Allocation Failure) 44.510: [ParNew: 73282K->0K(92160K), 0.0007484 secs] 135486K->62204K(194560K), 0.0008908 secs] [Times: user=0.01 sys=0.00, real=0.00 secs] 
44.518: [GC (Allocation Failure) 44.518: [ParNew: 73282K->0K(92160K), 0.0060188 secs] 135486K->92924K(194560K), 0.0061221 secs] [Times: user=0.03 sys=0.00, real=0.01 secs] 
44.525: [CMS-concurrent-abortable-preclean: 0.004/1.021 secs] [Times: user=0.04 sys=0.00, real=1.02 secs] 
44.526: [GC (CMS Final Remark) [YG occupancy: 10240 K (92160 K)]44.526: [Rescan (parallel) , 0.0002183 secs]44.526: [weak refs processing, 0.0000117 secs]44.526: [class unloading, 0.0002913 secs]44.526: [scrub symbol table, 0.0003837 secs]44.527: [scrub string table, 0.0002019 secs][1 CMS-remark: 92924K(102400K)] 103164K(194560K), 0.0012129 secs] [Times: user=0.00 sys=0.00, real=0.00 secs] 
44.527: [CMS-concurrent-sweep-start]
44.527: [CMS-concurrent-sweep: 0.000/0.000 secs] [Times: user=0.00 sys=0.00, real=0.00 secs] 
44.527: [CMS-concurrent-reset-start]
44.527: [CMS-concurrent-reset: 0.000/0.000 secs] [Times: user=0.00 sys=0.00, real=0.00 secs] 
45.535: [GC (Allocation Failure) 45.535: [ParNew: 73282K->0K(92160K), 0.0027002 secs] 115006K->62204K(194560K), 0.0028028 secs] [Times: user=0.01 sys=0.00, real=0.00 secs] 
45.539: [GC (CMS Initial Mark) [1 CMS-initial-mark: 62204K(102400K)] 72444K(194560K), 0.0001587 secs] [Times: user=0.00 sys=0.00, real=0.00 secs] 
45.539: [CMS-concurrent-mark-start]
45.540: [CMS-concurrent-mark: 0.001/0.001 secs] [Times: user=0.00 sys=0.00, real=0.00 secs] 
45.540: [CMS-concurrent-preclean-start]
45.540: [CMS-concurrent-preclean: 0.000/0.000 secs] [Times: user=0.00 sys=0.00, real=0.00 secs] 
45.540: [CMS-concurrent-abortable-preclean-start]
46.550: [GC (Allocation Failure) 46.550: [ParNew: 73282K->0K(92160K), 0.0015969 secs] 135486K->72446K(194560K), 0.0016819 secs] [Times: user=0.01 sys=0.00, real=0.00 secs] 
47.561: [GC (Allocation Failure) 47.561: [ParNew: 73282K->0K(92160K), 0.0004743 secs] 145729K->72446K(194560K), 0.0005430 secs] [Times: user=0.00 sys=0.00, real=0.00 secs] 
47.773: [CMS-concurrent-abortable-preclean: 0.009/2.232 secs] [Times: user=0.03 sys=0.00, real=2.24 secs] 
47.773: [GC (CMS Final Remark) [YG occupancy: 42562 K (92160 K)]47.773: [Rescan (parallel) , 0.0004127 secs]47.773: [weak refs processing, 0.0000246 secs]47.773: [class unloading, 0.0004453 secs]47.774: [scrub symbol table, 0.0005152 secs]47.774: [scrub string table, 0.0003554 secs][1 CMS-remark: 72446K(102400K)] 115008K(194560K), 0.0018953 secs] [Times: user=0.01 sys=0.00, real=0.00 secs] 
47.775: [CMS-concurrent-sweep-start]
47.775: [CMS-concurrent-sweep: 0.000/0.000 secs] [Times: user=0.00 sys=0.00, real=0.00 secs] 
47.775: [CMS-concurrent-reset-start]
47.775: [CMS-concurrent-reset: 0.000/0.000 secs] [Times: user=0.00 sys=0.00, real=0.00 secs] 
48.574: [GC (Allocation Failure) 48.574: [ParNew: 73282K->0K(92160K), 0.0014946 secs] 104768K->41726K(194560K), 0.0015823 secs] [Times: user=0.01 sys=0.00, real=0.00 secs] 
49.583: [GC (Allocation Failure) 49.583: [ParNew: 73282K->0K(92160K), 0.0017379 secs] 115009K->51966K(194560K), 0.0018166 secs] [Times: user=0.01 sys=0.00, real=0.00 secs] 
50.598: [GC (Allocation Failure) 50.598: [ParNew: 73282K->0K(92160K), 0.0018583 secs] 125249K->62206K(194560K), 0.0019529 secs] [Times: user=0.00 sys=0.00, real=0.00 secs] 
50.601: [GC (CMS Initial Mark) [1 CMS-initial-mark: 62206K(102400K)] 72446K(194560K), 0.0001192 secs] [Times: user=0.00 sys=0.00, real=0.00 secs] 
50.601: [CMS-concurrent-mark-start]
50.603: [CMS-concurrent-mark: 0.002/0.002 secs] [Times: user=0.01 sys=0.00, real=0.01 secs] 
50.603: [CMS-concurrent-preclean-start]
50.603: [CMS-concurrent-preclean: 0.000/0.000 secs] [Times: user=0.00 sys=0.00, real=0.00 secs] 
50.603: [CMS-concurrent-abortable-preclean-start]
51.610: [GC (Allocation Failure) 51.610: [ParNew: 73282K->0K(92160K), 0.0008847 secs] 135489K->62206K(194560K), 0.0009378 secs] [Times: user=0.00 sys=0.00, real=0.00 secs] 
51.617: [GC (Allocation Failure) 51.617: [ParNew (promotion failed): 73282K->73282K(92160K), 0.0033948 secs]51.621: [CMS51.621: [CMS-concurrent-abortable-preclean: 0.003/1.018 secs] [Times: user=0.02 sys=0.00, real=1.01 secs] 
 (concurrent mode failure): 82686K->31480K(102400K), 0.0063727 secs] 135489K->31480K(194560K), [Metaspace: 3591K->3591K(1056768K)], 0.0098731 secs] [Times: user=0.02 sys=0.00, real=0.01 secs] 
52.635: [GC (Allocation Failure) 52.635: [ParNew: 73282K->0K(92160K), 0.0028692 secs] 104762K->51962K(194560K), 0.0029573 secs] [Times: user=0.01 sys=0.00, real=0.00 secs] 
52.639: [GC (CMS Initial Mark) [1 CMS-initial-mark: 51962K(102400K)] 62202K(194560K), 0.0001260 secs] [Times: user=0.00 sys=0.00, real=0.00 secs] 
52.639: [CMS-concurrent-mark-start]
52.640: [CMS-concurrent-mark: 0.001/0.001 secs] [Times: user=0.00 sys=0.00, real=0.00 secs] 
52.640: [CMS-concurrent-preclean-start]
52.641: [CMS-concurrent-preclean: 0.000/0.000 secs] [Times: user=0.00 sys=0.00, real=0.00 secs] 
52.641: [CMS-concurrent-abortable-preclean-start]
53.650: [GC (Allocation Failure) 53.650: [ParNew: 73282K->0K(92160K), 0.0015793 secs] 125244K->62202K(194560K), 0.0016573 secs] [Times: user=0.01 sys=0.00, real=0.00 secs] 
54.659: [GC (Allocation Failure) 54.659: [ParNew: 73282K->0K(92160K), 0.0004340 secs] 135484K->62202K(194560K), 0.0005126 secs] [Times: user=0.00 sys=0.00, real=0.00 secs] 
54.862: [CMS-concurrent-abortable-preclean: 0.011/2.222 secs] [Times: user=0.04 sys=0.00, real=2.23 secs] 
54.863: [GC (CMS Final Remark) [YG occupancy: 42562 K (92160 K)]54.863: [Rescan (parallel) , 0.0004647 secs]54.863: [weak refs processing, 0.0000259 secs]54.863: [class unloading, 0.0004339 secs]54.864: [scrub symbol table, 0.0004894 secs]54.864: [scrub string table, 0.0002996 secs][1 CMS-remark: 62202K(102400K)] 104764K(194560K), 0.0018713 secs] [Times: user=0.00 sys=0.00, real=0.00 secs] 
54.865: [CMS-concurrent-sweep-start]
54.865: [CMS-concurrent-sweep: 0.000/0.000 secs] [Times: user=0.00 sys=0.00, real=0.00 secs] 
54.865: [CMS-concurrent-reset-start]
54.865: [CMS-concurrent-reset: 0.000/0.000 secs] [Times: user=0.00 sys=0.00, real=0.00 secs] 
Heap
 par new generation   total 92160K, used 45020K [0x00000007b3800000, 0x00000007b9c00000, 0x00000007b9c00000)
  eden space 81920K,  54% used [0x00000007b3800000, 0x00000007b63f7110, 0x00000007b8800000)
  from space 10240K,   0% used [0x00000007b8800000, 0x00000007b8800000, 0x00000007b9200000)
  to   space 10240K,   0% used [0x00000007b9200000, 0x00000007b9200000, 0x00000007b9c00000)
 concurrent mark-sweep generation total 102400K, used 31482K [0x00000007b9c00000, 0x00000007c0000000, 0x00000007c0000000)
 Metaspace       used 3599K, capacity 4536K, committed 4864K, reserved 1056768K
  class space    used 399K, capacity 428K, committed 512K, reserved 1048576K
